Archive member included to satisfy reference by file (symbol)

c:/program files (x86)/atmel/studio/7.0/toolchain/arm/arm-gnu-toolchain/bin/../lib/gcc/arm-none-eabi/6.3.1/thumb/v7-m\libgcc.a(_arm_addsubdf3.o)
                              pwm_driver.o (__aeabi_dadd)
c:/program files (x86)/atmel/studio/7.0/toolchain/arm/arm-gnu-toolchain/bin/../lib/gcc/arm-none-eabi/6.3.1/thumb/v7-m\libgcc.a(_arm_muldivdf3.o)
                              pwm_driver.o (__aeabi_dmul)
c:/program files (x86)/atmel/studio/7.0/toolchain/arm/arm-gnu-toolchain/bin/../lib/gcc/arm-none-eabi/6.3.1/thumb/v7-m\libgcc.a(_arm_fixunsdfsi.o)
                              pwm_driver.o (__aeabi_d2uiz)
c:/program files (x86)/atmel/studio/7.0/toolchain/arm/arm-gnu-toolchain/bin/../lib/gcc/arm-none-eabi/6.3.1/../../../../arm-none-eabi/lib/thumb/v7-m\libc.a(lib_a-exit.o)
                              c:/program files (x86)/atmel/studio/7.0/toolchain/arm/arm-gnu-toolchain/bin/../lib/gcc/arm-none-eabi/6.3.1/../../../../arm-none-eabi/lib/thumb/v7-m/crt0.o (exit)
c:/program files (x86)/atmel/studio/7.0/toolchain/arm/arm-gnu-toolchain/bin/../lib/gcc/arm-none-eabi/6.3.1/../../../../arm-none-eabi/lib/thumb/v7-m\libc.a(lib_a-impure.o)
                              c:/program files (x86)/atmel/studio/7.0/toolchain/arm/arm-gnu-toolchain/bin/../lib/gcc/arm-none-eabi/6.3.1/../../../../arm-none-eabi/lib/thumb/v7-m\libc.a(lib_a-exit.o) (_global_impure_ptr)
c:/program files (x86)/atmel/studio/7.0/toolchain/arm/arm-gnu-toolchain/bin/../lib/gcc/arm-none-eabi/6.3.1/../../../../arm-none-eabi/lib/thumb/v7-m\libc.a(lib_a-init.o)
                              c:/program files (x86)/atmel/studio/7.0/toolchain/arm/arm-gnu-toolchain/bin/../lib/gcc/arm-none-eabi/6.3.1/../../../../arm-none-eabi/lib/thumb/v7-m/crt0.o (__libc_init_array)
c:/program files (x86)/atmel/studio/7.0/toolchain/arm/arm-gnu-toolchain/bin/../lib/gcc/arm-none-eabi/6.3.1/../../../../arm-none-eabi/lib/thumb/v7-m\libc.a(lib_a-memset.o)
                              c:/program files (x86)/atmel/studio/7.0/toolchain/arm/arm-gnu-toolchain/bin/../lib/gcc/arm-none-eabi/6.3.1/../../../../arm-none-eabi/lib/thumb/v7-m/crt0.o (memset)
c:/program files (x86)/atmel/studio/7.0/toolchain/arm/arm-gnu-toolchain/bin/../lib/gcc/arm-none-eabi/6.3.1/../../../../arm-none-eabi/lib/thumb/v7-m\libc.a(lib_a-__call_atexit.o)
                              c:/program files (x86)/atmel/studio/7.0/toolchain/arm/arm-gnu-toolchain/bin/../lib/gcc/arm-none-eabi/6.3.1/../../../../arm-none-eabi/lib/thumb/v7-m\libc.a(lib_a-exit.o) (__call_exitprocs)
c:/program files (x86)/atmel/studio/7.0/toolchain/arm/arm-gnu-toolchain/bin/../lib/gcc/arm-none-eabi/6.3.1/../../../../arm-none-eabi/lib/thumb/v7-m\libc.a(lib_a-atexit.o)
                              c:/program files (x86)/atmel/studio/7.0/toolchain/arm/arm-gnu-toolchain/bin/../lib/gcc/arm-none-eabi/6.3.1/../../../../arm-none-eabi/lib/thumb/v7-m\libc.a(lib_a-__call_atexit.o) (atexit)
c:/program files (x86)/atmel/studio/7.0/toolchain/arm/arm-gnu-toolchain/bin/../lib/gcc/arm-none-eabi/6.3.1/../../../../arm-none-eabi/lib/thumb/v7-m\libc.a(lib_a-fini.o)
                              c:/program files (x86)/atmel/studio/7.0/toolchain/arm/arm-gnu-toolchain/bin/../lib/gcc/arm-none-eabi/6.3.1/../../../../arm-none-eabi/lib/thumb/v7-m\libc.a(lib_a-__call_atexit.o) (__libc_fini_array)
c:/program files (x86)/atmel/studio/7.0/toolchain/arm/arm-gnu-toolchain/bin/../lib/gcc/arm-none-eabi/6.3.1/../../../../arm-none-eabi/lib/thumb/v7-m\libc.a(lib_a-lock.o)
                              c:/program files (x86)/atmel/studio/7.0/toolchain/arm/arm-gnu-toolchain/bin/../lib/gcc/arm-none-eabi/6.3.1/../../../../arm-none-eabi/lib/thumb/v7-m\libc.a(lib_a-__call_atexit.o) (__retarget_lock_acquire_recursive)
c:/program files (x86)/atmel/studio/7.0/toolchain/arm/arm-gnu-toolchain/bin/../lib/gcc/arm-none-eabi/6.3.1/../../../../arm-none-eabi/lib/thumb/v7-m\libc.a(lib_a-__atexit.o)
                              c:/program files (x86)/atmel/studio/7.0/toolchain/arm/arm-gnu-toolchain/bin/../lib/gcc/arm-none-eabi/6.3.1/../../../../arm-none-eabi/lib/thumb/v7-m\libc.a(lib_a-atexit.o) (__register_exitproc)

Allocating common symbols
Common symbol       size              file

__lock___atexit_recursive_mutex
                    0x1               c:/program files (x86)/atmel/studio/7.0/toolchain/arm/arm-gnu-toolchain/bin/../lib/gcc/arm-none-eabi/6.3.1/../../../../arm-none-eabi/lib/thumb/v7-m\libc.a(lib_a-lock.o)
pid_variables       0x14              can_interrupt.o
__lock___arc4random_mutex
                    0x1               c:/program files (x86)/atmel/studio/7.0/toolchain/arm/arm-gnu-toolchain/bin/../lib/gcc/arm-none-eabi/6.3.1/../../../../arm-none-eabi/lib/thumb/v7-m\libc.a(lib_a-lock.o)
__lock___env_recursive_mutex
[...]
Memory Configuration

Name             Origin             Length             Attributes
rom              0x00080000         0x00080000         xr
ram              0x20000000         0x00018000         xrw
*default*        0x00000000         0xffffffff

Linker script and memory map

LOAD c:/program files (x86)/atmel/studio/7.0/toolchain/arm/arm-gnu-toolchain/bin/../lib/gcc/arm-none-eabi/6.3.1/thumb/v7-m/crti.o
LOAD c:/program files (x86)/atmel/studio/7.0/toolchain/arm/arm-gnu-toolchain/bin/../lib/gcc/arm-none-eabi/6.3.1/thumb/v7-m/crtbegin.o
LOAD c:/program files (x86)/atmel/studio/7.0/toolchain/arm/arm-gnu-toolchain/bin/../lib/gcc/arm-none-eabi/6.3.1/../../../../arm-none-eabi/lib/thumb/v7-m/crt0.o
LOAD adc_driver.o
LOAD can_controller.o
LOAD can_interrupt.o
LOAD motor_control.o
LOAD Device_Startup/startup_sam3xa.o
LOAD Device_Startup/system_sam3xa.o
LOAD main.o
LOAD printf-stdarg.o
LOAD pwm_driver.o
LOAD score.o
LOAD time.o
LOAD uart.o
START GROUP
LOAD c:/program files (x86)/atmel/studio/7.0/toolchain/arm/arm-gnu-toolchain/bin/../lib/gcc/arm-none-eabi/6.3.1/../../../../arm-none-eabi/lib/thumb/v7-m\libm.a
END GROUP
START GROUP
LOAD c:/program files (x86)/atmel/studio/7.0/toolchain/arm/arm-gnu-toolchain/bin/../lib/gcc/arm-none-eabi/6.3.1/thumb/v7-m\libgcc.a
LOAD c:/program files (x86)/atmel/studio/7.0/toolchain/arm/arm-gnu-toolchain/bin/../lib/gcc/arm-none-eabi/6.3.1/../../../../arm-none-eabi/lib/thumb/v7-m\libc.a
END GROUP
LOAD c:/program files (x86)/atmel/studio/7.0/toolchain/arm/arm-gnu-toolchain/bin/../lib/gcc/arm-none-eabi/6.3.1/thumb/v7-m/crtend.o
LOAD c:/program files (x86)/atmel/studio/7.0/toolchain/arm/arm-gnu-toolchain/bin/../lib/gcc/arm-none-eabi/6.3.1/thumb/v7-m/crtn.o
                0x00000400                STACK_SIZE = DEFINED (STACK_SIZE)?STACK_SIZE:0x400
                0x00000200                HEAP_SIZE = DEFINED (HEAP_SIZE)?HEAP_SIZE:0x200

.text           0x00080000     0x17f4
                0x00080000                . = ALIGN (0x4)
                0x00080000                _sfixed = .
 *(.vectors .vectors.*)
 .vectors       0x00080000       0xf4 Device_Startup/startup_sam3xa.o
                0x00080000                exception_table
 *(.text .text.* .gnu.linkonce.t.*)
 .text          0x000800f4       0x6c c:/program files (x86)/atmel/studio/7.0/toolchain/arm/arm-gnu-toolchain/bin/../lib/gcc/arm-none-eabi/6.3.1/thumb/v7-m/crtbegin.o
 .text.adc_init
                0x00080160       0x2c adc_driver.o
                0x00080160                adc_init
 .text.can_init
                0x0008018c      0x100 can_controller.o
                0x0008018c                can_init
 .text.can_init_def_tx_rx_mb
                0x0008028c       0x10 can_controller.o
                0x0008028c                can_init_def_tx_rx_mb
 .text.can_receive
                0x0008029c       0x84 can_controller.o
                0x0008029c                can_receive
 .text.CAN0_Handler
                0x00080320      0x1ac can_interrupt.o
                0x00080320                CAN0_Handler
 .text.enable_motor_encoder
                0x000804cc      0x110 motor_control.o
                0x000804cc                enable_motor_encoder
 .text.feedback_encoder
                0x000805dc       0x7c motor_control.o
                0x000805dc                feedback_encoder
 .text.calibrate_encoder
                0x00080658       0x48 motor_control.o
                0x00080658                calibrate_encoder
 .text.pid_controller
                0x000806a0       0x98 motor_control.o
                0x000806a0                pid_controller
 .text.set_motor
                0x00080738       0x3c motor_control.o
                0x00080738                set_motor
 .text.pid_init
                0x00080774       0x12 motor_control.o
                0x00080774                pid_init
 .text.Dummy_Handler
                0x00080786        0x2 Device_Startup/startup_sam3xa.o
                0x00080786                DACC_Handler
                0x00080786                DebugMon_Handler
                0x00080786                DMAC_Handler
                0x00080786                TRNG_Handler
                0x00080786                HardFault_Handler
                0x00080786                TC2_Handler
                0x00080786                SysTick_Handler
                0x00080786                USART3_Handler
                0x00080786                TWI1_Handler
                0x00080786                PendSV_Handler
                0x00080786                NMI_Handler
                0x00080786                TC7_Handler
                0x00080786                ADC_Handler
                0x00080786                SMC_Handler
                0x00080786                USART0_Handler
                0x00080786                RTT_Handler
                0x00080786                EFC1_Handler
                0x00080786                PIOB_Handler
                0x00080786                RTC_Handler
                0x00080786                UsageFault_Handler
                0x00080786                TC6_Handler
                0x00080786                WDT_Handler
                0x00080786                TC4_Handler
                0x00080786                TC1_Handler
                0x00080786                HSMCI_Handler
                0x00080786                TC3_Handler
                0x00080786                Dummy_Handler
                0x00080786                TWI0_Handler
                0x00080786                USART1_Handler
                0x00080786                PIOA_Handler
                0x00080786                SSC_Handler
                0x00080786                EFC0_Handler
                0x00080786                PMC_Handler
                0x00080786                PWM_Handler
                0x00080786                CAN1_Handler
                0x00080786                MemManage_Handler
                0x00080786                SUPC_Handler
                0x00080786                SVC_Handler
                0x00080786                TC8_Handler
                0x00080786                USART2_Handler
                0x00080786                PIOD_Handler
                0x00080786                EMAC_Handler
                0x00080786                PIOC_Handler
                0x00080786                BusFault_Handler
                0x00080786                RSTC_Handler
                0x00080786                TC0_Handler
                0x00080786                TC5_Handler
                0x00080786                UOTGHS_Handler
                0x00080786                SPI0_Handler
 .text.Reset_Handler
                0x00080788       0x88 Device_Startup/startup_sam3xa.o
                0x00080788                Reset_Handler
 .text.SystemInit
                0x00080810       0xa4 Device_Startup/system_sam3xa.o
                0x00080810                SystemInit
 .text.main     0x000808b4       0x78 main.o
                0x000808b4                main
 .text.prints   0x0008092c       0xac printf-stdarg.o
 .text.printi   0x000809d8       0xbc printf-stdarg.o
 .text.print    0x00080a94      0x160 printf-stdarg.o
 .text.printf   0x00080bf4       0x24 printf-stdarg.o
                0x00080bf4                printf
 .text.pwm_init
                0x00080c18       0x58 pwm_driver.o
                0x00080c18                pwm_init
 .text.pwm_set_relative_duty
                0x00080c70       0x6c pwm_driver.o
                0x00080c70                pwm_set_relative_duty
 .text._delay_ms
                0x00080cdc       0x18 time.o
                0x00080cdc                _delay_ms
 .text.configure_uart
                0x00080cf4       0x78 uart.o
                0x00080cf4                configure_uart
 .text.uart_putchar
                0x00080d6c       0x24 uart.o
                0x00080d6c                uart_putchar
 .text.UART_Handler
                0x00080d90       0x68 uart.o
                0x00080d90                UART_Handler
 .text          0x00080df8      0x370 c:/program files (x86)/atmel/studio/7.0/toolchain/arm/arm-gnu-toolchain/bin/../lib/gcc/arm-none-eabi/6.3.1/thumb/v7-m\libgcc.a(_arm_addsubdf3.o)
                0x00080df8                __aeabi_drsub
                0x00080e00                __aeabi_dsub
                0x00080e00                __subdf3
                0x00080e04                __aeabi_dadd
                0x00080e04                __adddf3
                0x0008107c                __floatunsidf
                0x0008107c                __aeabi_ui2d
                0x0008109c                __floatsidf
                0x0008109c                __aeabi_i2d
                0x000810c0                __aeabi_f2d
                0x000810c0                __extendsfdf2
                0x000810fc                __floatundidf
                0x000810fc                __aeabi_ul2d
                0x0008110c                __floatdidf
                0x0008110c                __aeabi_l2d
 .text          0x00081168      0x424 c:/program files (x86)/atmel/studio/7.0/toolchain/arm/arm-gnu-toolchain/bin/../lib/gcc/arm-none-eabi/6.3.1/thumb/v7-m\libgcc.a(_arm_muldivdf3.o)
                0x00081168                __aeabi_dmul
                0x00081168                __muldf3
                0x000813bc                __divdf3
                0x000813bc                __aeabi_ddiv
 .text          0x0008158c       0x40 c:/program files (x86)/atmel/studio/7.0/toolchain/arm/arm-gnu-toolchain/bin/../lib/gcc/arm-none-eabi/6.3.1/thumb/v7-m\libgcc.a(_arm_fixunsdfsi.o)
                0x0008158c                __aeabi_d2uiz
                0x0008158c                __fixunsdfsi
 .text.__libc_init_array
                0x000815cc       0x50 c:/program files (x86)/atmel/studio/7.0/toolchain/arm/arm-gnu-toolchain/bin/../lib/gcc/arm-none-eabi/6.3.1/../../../../arm-none-eabi/lib/thumb/v7-m\libc.a(lib_a-init.o)
                0x000815cc                __libc_init_array
 .text.startup.register_fini
                0x0008161c       0x14 c:/program files (x86)/atmel/studio/7.0/toolchain/arm/arm-gnu-toolchain/bin/../lib/gcc/arm-none-eabi/6.3.1/../../../../arm-none-eabi/lib/thumb/v7-m\libc.a(lib_a-__call_atexit.o)
 .text.atexit   0x00081630        0xc c:/program files (x86)/atmel/studio/7.0/toolchain/arm/arm-gnu-toolchain/bin/../lib/gcc/arm-none-eabi/6.3.1/../../../../arm-none-eabi/lib/thumb/v7-m\libc.a(lib_a-atexit.o)
                0x00081630                atexit
 .text.__libc_fini_array
                0x0008163c       0x34 c:/program files (x86)/atmel/studio/7.0/toolchain/arm/arm-gnu-toolchain/bin/../lib/gcc/arm-none-eabi/6.3.1/../../../../arm-none-eabi/lib/thumb/v7-m\libc.a(lib_a-fini.o)
                0x0008163c                __libc_fini_array
 .text.__retarget_lock_acquire_recursive
                0x00081670        0x4 c:/program files (x86)/atmel/studio/7.0/toolchain/arm/arm-gnu-toolchain/bin/../lib/gcc/arm-none-eabi/6.3.1/../../../../arm-none-eabi/lib/thumb/v7-m\libc.a(lib_a-lock.o)
                0x00081670                __retarget_lock_acquire_recursive
 .text.__retarget_lock_release_recursive
                0x00081674        0x4 c:/program files (x86)/atmel/studio/7.0/toolchain/arm/arm-gnu-toolchain/bin/../lib/gcc/arm-none-eabi/6.3.1/../../../../arm-none-eabi/lib/thumb/v7-m\libc.a(lib_a-lock.o)
                0x00081674                __retarget_lock_release_recursive
 .text.__register_exitproc
                0x00081678       0xc4 c:/program files (x86)/atmel/studio/7.0/toolchain/arm/arm-gnu-toolchain/bin/../lib/gcc/arm-none-eabi/6.3.1/../../../../arm-none-eabi/lib/thumb/v7-m\libc.a(lib_a-__atexit.o)
                0x00081678                __register_exitproc
 *(.glue_7t)
 .glue_7t       0x0008173c        0x0 linker stubs
 *(.glue_7)
 .glue_7        0x0008173c        0x0 linker stubs
 *(.rodata .rodata* .gnu.linkonce.r.*)
 .rodata.str1.4
                0x0008173c       0x4f can_interrupt.o
 *fill*         0x0008178b        0x1 
 .rodata.str1.4
                0x0008178c        0xd motor_control.o
 *fill*         0x00081799        0x3 
 .rodata.str1.4
                0x0008179c        0x7 printf-stdarg.o
 *fill*         0x000817a3        0x1 
 .rodata.str1.4
                0x000817a4       0x28 uart.o
                                 0x26 (size before relaxing)
 .rodata._global_impure_ptr
                0x000817cc        0x4 c:/program files (x86)/atmel/studio/7.0/toolchain/arm/arm-gnu-toolchain/bin/../lib/gcc/arm-none-eabi/6.3.1/../../../../arm-none-eabi/lib/thumb/v7-m\libc.a(lib_a-impure.o)
                0x000817cc                _global_impure_ptr
 *(.ARM.extab* .gnu.linkonce.armextab.*)
                0x000817d0                . = ALIGN (0x4)
 *(.init)
 .init          0x000817d0        0x4 c:/program files (x86)/atmel/studio/7.0/toolchain/arm/arm-gnu-toolchain/bin/../lib/gcc/arm-none-eabi/6.3.1/thumb/v7-m/crti.o
                0x000817d0                _init
 .init          0x000817d4        0x8 c:/program files (x86)/atmel/studio/7.0/toolchain/arm/arm-gnu-toolchain/bin/../lib/gcc/arm-none-eabi/6.3.1/thumb/v7-m/crtn.o
                0x000817dc                . = ALIGN (0x4)
                0x000817dc                __preinit_array_start = .
 *(.preinit_array)
                0x000817dc                __preinit_array_end = .
                0x000817dc                . = ALIGN (0x4)
                0x000817dc                __init_array_start = .
 *(SORT(.init_array.*))
 .init_array.00000
                0x000817dc        0x4 c:/program files (x86)/atmel/studio/7.0/toolchain/arm/arm-gnu-toolchain/bin/../lib/gcc/arm-none-eabi/6.3.1/../../../../arm-none-eabi/lib/thumb/v7-m\libc.a(lib_a-__call_atexit.o)
 *(.init_array)
 .init_array    0x000817e0        0x4 c:/program files (x86)/atmel/studio/7.0/toolchain/arm/arm-gnu-toolchain/bin/../lib/gcc/arm-none-eabi/6.3.1/thumb/v7-m/crtbegin.o
                0x000817e4                __init_array_end = .
                0x000817e4                . = ALIGN (0x4)
 *crtbegin.o(.ctors)
 *(EXCLUDE_FILE(*crtend.o) .ctors)
 *(SORT(.ctors.*))
 *crtend.o(.ctors)
                0x000817e4                . = ALIGN (0x4)
 *(.fini)
 .fini          0x000817e4        0x4 c:/program files (x86)/atmel/studio/7.0/toolchain/arm/arm-gnu-toolchain/bin/../lib/gcc/arm-none-eabi/6.3.1/thumb/v7-m/crti.o
                0x000817e4                _fini
 .fini          0x000817e8        0x8 c:/program files (x86)/atmel/studio/7.0/toolchain/arm/arm-gnu-toolchain/bin/../lib/gcc/arm-none-eabi/6.3.1/thumb/v7-m/crtn.o
                0x000817f0                . = ALIGN (0x4)
                0x000817f0                __fini_array_start = .
 *(.fini_array)
 .fini_array    0x000817f0        0x4 c:/program files (x86)/atmel/studio/7.0/toolchain/arm/arm-gnu-toolchain/bin/../lib/gcc/arm-none-eabi/6.3.1/thumb/v7-m/crtbegin.o
 *(SORT(.fini_array.*))
                0x000817f4                __fini_array_end = .
 *crtbegin.o(.dtors)
 *(EXCLUDE_FILE(*crtend.o) .dtors)
 *(SORT(.dtors.*))
 *crtend.o(.dtors)
                0x000817f4                . = ALIGN (0x4)
                0x000817f4                _efixed = .
                [!provide]                PROVIDE (__exidx_start, .)

.vfp11_veneer   0x000817f4        0x0
 .vfp11_veneer  0x000817f4        0x0 linker stubs

.v4_bx          0x000817f4        0x0
 .v4_bx         0x000817f4        0x0 linker stubs

.iplt           0x000817f4        0x0
 .iplt          0x000817f4        0x0 c:/program files (x86)/atmel/studio/7.0/toolchain/arm/arm-gnu-toolchain/bin/../lib/gcc/arm-none-eabi/6.3.1/thumb/v7-m/crtbegin.o

.eh_frame       0x000817f4        0x0
 .eh_frame      0x000817f4        0x0 c:/program files (x86)/atmel/studio/7.0/toolchain/arm/arm-gnu-toolchain/bin/../lib/gcc/arm-none-eabi/6.3.1/thumb/v7-m/crtbegin.o

.rel.dyn        0x000817f4        0x0
 .rel.iplt      0x000817f4        0x0 c:/program files (x86)/atmel/studio/7.0/toolchain/arm/arm-gnu-toolchain/bin/../lib/gcc/arm-none-eabi/6.3.1/thumb/v7-m/crtbegin.o

.jcr            0x000817f4        0x0
 .jcr           0x000817f4        0x0 c:/program files (x86)/atmel/studio/7.0/toolchain/arm/arm-gnu-toolchain/bin/../lib/gcc/arm-none-eabi/6.3.1/thumb/v7-m/crtbegin.o

.igot.plt       0x000817f4        0x0
 .igot.plt      0x000817f4        0x0 c:/program files (x86)/atmel/studio/7.0/toolchain/arm/arm-gnu-toolchain/bin/../lib/gcc/arm-none-eabi/6.3.1/thumb/v7-m/crtbegin.o

.ARM.exidx
 *(.ARM.exidx* .gnu.linkonce.armexidx.*)
                [!provide]                PROVIDE (__exidx_end, .)
                0x000817f4                . = ALIGN (0x4)
                0x000817f4                _etext = .

.relocate       0x20000000      0x434 load address 0x000817f4
                0x20000000                . = ALIGN (0x4)
                0x20000000                _srelocate = .
 *(.ramfunc .ramfunc.*)
 *(.data .data.*)
 .data          0x20000000        0x4 can_interrupt.o
                0x20000000                PID_INIT_FLAG
 .data          0x20000004        0x4 Device_Startup/system_sam3xa.o
                0x20000004                SystemCoreClock
 .data.impure_data
                0x20000008      0x428 c:/program files (x86)/atmel/studio/7.0/toolchain/arm/arm-gnu-toolchain/bin/../lib/gcc/arm-none-eabi/6.3.1/../../../../arm-none-eabi/lib/thumb/v7-m\libc.a(lib_a-impure.o)
 .data.__atexit_recursive_mutex
                0x20000430        0x4 c:/program files (x86)/atmel/studio/7.0/toolchain/arm/arm-gnu-toolchain/bin/../lib/gcc/arm-none-eabi/6.3.1/../../../../arm-none-eabi/lib/thumb/v7-m\libc.a(lib_a-__call_atexit.o)
                0x20000430                __atexit_recursive_mutex
                0x20000434                . = ALIGN (0x4)
                0x20000434                _erelocate = .

.bss            0x20000434       0xa0 load address 0x00081c28
                0x20000434                . = ALIGN (0x4)
                0x20000434                _sbss = .
                0x20000434                _szero = .
 *(.bss .bss.*)
 .bss           0x20000434       0x1c c:/program files (x86)/atmel/studio/7.0/toolchain/arm/arm-gnu-toolchain/bin/../lib/gcc/arm-none-eabi/6.3.1/thumb/v7-m/crtbegin.o
 .bss           0x20000450        0x8 can_interrupt.o
                0x20000450                speed_estimate
                0x20000454                prev_position
 *(COMMON)
 COMMON         0x20000458       0x14 can_interrupt.o
                0x20000458                pid_variables
 COMMON         0x2000046c       0x42 uart.o
                0x2000046c                rx_buffer
 *fill*         0x200004ae        0x2 
 COMMON         0x200004b0       0x21 c:/program files (x86)/atmel/studio/7.0/toolchain/arm/arm-gnu-toolchain/bin/../lib/gcc/arm-none-eabi/6.3.1/../../../../arm-none-eabi/lib/thumb/v7-m\libc.a(lib_a-lock.o)
                0x200004b0                __lock___atexit_recursive_mutex
                0x200004b4                __lock___arc4random_mutex
                0x200004b8                __lock___env_recursive_mutex
                0x200004bc                __lock___sinit_recursive_mutex
                0x200004c0                __lock___malloc_recursive_mutex
                0x200004c4                __lock___at_quick_exit_mutex
                0x200004c8                __lock___dd_hash_mutex
                0x200004cc                __lock___tz_mutex
                0x200004d0                __lock___sfp_recursive_mutex
                0x200004d4                . = ALIGN (0x4)
 *fill*         0x200004d1        0x3 
                0x200004d4                _ebss = .
                0x200004d4                _ezero = .

.stack          0x200004d4      0x404 load address 0x00081cc8
                0x200004d8                . = ALIGN (0x8)
 *fill*         0x200004d4        0x4 
                0x200004d8                _sstack = .
                0x200008d8                . = (. + STACK_SIZE)
 *fill*         0x200004d8      0x400 
                0x200008d8                . = ALIGN (0x8)
                0x200008d8                _estack = .

.heap           0x200008d8      0x200 load address 0x000820cc
                0x200008d8                . = ALIGN (0x8)
                0x200008d8                _sheap = .
                0x20000ad8                . = (. + HEAP_SIZE)
 *fill*         0x200008d8      0x200 
                0x20000ad8                . = ALIGN (0x8)
                0x20000ad8                _eheap = .
                0x20000ad8                . = ALIGN (0x4)
                0x20000ad8                _end = .
                0x20017fff                _ram_end_ = ((ORIGIN (ram) + LENGTH (ram)) - 0x1)
OUTPUT(Arduino_node_v2.elf elf32-littlearm)

.ARM.attributes
                0x00000000       0x29
 .ARM.attributes
                0x00000000       0x1d c:/program files (x86)/atmel/studio/7.0/toolchain/arm/arm-gnu-toolchain/bin/../lib/gcc/arm-none-eabi/6.3.1/thumb/v7-m/crti.o
 .ARM.attributes
                0x0000001d       0x2d c:/program files (x86)/atmel/studio/7.0/toolchain/arm/arm-gnu-toolchain/bin/../lib/gcc/arm-none-eabi/6.3.1/thumb/v7-m/crtbegin.o
 .ARM.attributes
                0x0000004a       0x33 adc_driver.o
 .ARM.attributes
                0x0000007d       0x33 can_controller.o
 .ARM.attributes
                0x000000b0       0x33 can_interrupt.o
 .ARM.attributes
                0x000000e3       0x33 motor_control.o
 .ARM.attributes
                0x00000116       0x33 Device_Startup/startup_sam3xa.o
 .ARM.attributes
                0x00000149       0x33 Device_Startup/system_sam3xa.o
 .ARM.attributes
                0x0000017c       0x33 main.o
 .ARM.attributes
                0x000001af       0x33 printf-stdarg.o
 .ARM.attributes
                0x000001e2       0x33 pwm_driver.o
 .ARM.attributes
                0x00000215       0x33 time.o
 .ARM.attributes
                0x00000248       0x33 uart.o
 .ARM.attributes
                0x0000027b       0x1d c:/program files (x86)/atmel/studio/7.0/toolchain/arm/arm-gnu-toolchain/bin/../lib/gcc/arm-none-eabi/6.3.1/thumb/v7-m\libgcc.a(_arm_addsubdf3.o)
 .ARM.attributes
                0x00000298       0x1d c:/program files (x86)/atmel/studio/7.0/toolchain/arm/arm-gnu-toolchain/bin/../lib/gcc/arm-none-eabi/6.3.1/thumb/v7-m\libgcc.a(_arm_muldivdf3.o)
 .ARM.attributes
                0x000002b5       0x1d c:/program files (x86)/atmel/studio/7.0/toolchain/arm/arm-gnu-toolchain/bin/../lib/gcc/arm-none-eabi/6.3.1/thumb/v7-m\libgcc.a(_arm_fixunsdfsi.o)
 .ARM.attributes
                0x000002d2       0x2d c:/program files (x86)/atmel/studio/7.0/toolchain/arm/arm-gnu-toolchain/bin/../lib/gcc/arm-none-eabi/6.3.1/../../../../arm-none-eabi/lib/thumb/v7-m\libc.a(lib_a-impure.o)
 .ARM.attributes
                0x000002ff       0x2d c:/program files (x86)/atmel/studio/7.0/toolchain/arm/arm-gnu-toolchain/bin/../lib/gcc/arm-none-eabi/6.3.1/../../../../arm-none-eabi/lib/thumb/v7-m\libc.a(lib_a-init.o)
 .ARM.attributes
                0x0000032c       0x2d c:/program files (x86)/atmel/studio/7.0/toolchain/arm/arm-gnu-toolchain/bin/../lib/gcc/arm-none-eabi/6.3.1/../../../../arm-none-eabi/lib/thumb/v7-m\libc.a(lib_a-__call_atexit.o)
 .ARM.attributes
                0x00000359       0x2d c:/program files (x86)/atmel/studio/7.0/toolchain/arm/arm-gnu-toolchain/bin/../lib/gcc/arm-none-eabi/6.3.1/../../../../arm-none-eabi/lib/thumb/v7-m\libc.a(lib_a-atexit.o)
 .ARM.attributes
                0x00000386       0x2d c:/program files (x86)/atmel/studio/7.0/toolchain/arm/arm-gnu-toolchain/bin/../lib/gcc/arm-none-eabi/6.3.1/../../../../arm-none-eabi/lib/thumb/v7-m\libc.a(lib_a-fini.o)
 .ARM.attributes
                0x000003b3       0x2d c:/program files (x86)/atmel/studio/7.0/toolchain/arm/arm-gnu-toolchain/bin/../lib/gcc/arm-none-eabi/6.3.1/../../../../arm-none-eabi/lib/thumb/v7-m\libc.a(lib_a-lock.o)
 .ARM.attributes
                0x000003e0       0x2d c:/program files (x86)/atmel/studio/7.0/toolchain/arm/arm-gnu-toolchain/bin/../lib/gcc/arm-none-eabi/6.3.1/../../../../arm-none-eabi/lib/thumb/v7-m\libc.a(lib_a-__atexit.o)
 .ARM.attributes
                0x0000040d       0x1d c:/program files (x86)/atmel/studio/7.0/toolchain/arm/arm-gnu-toolchain/bin/../lib/gcc/arm-none-eabi/6.3.1/thumb/v7-m/crtn.o

.comment        0x00000000       0x59
 .comment       0x00000000       0x59 adc_driver.o
                                 0x5a (size before relaxing)
 .comment       0x00000059       0x5a can_controller.o
 .comment       0x00000059       0x5a can_interrupt.o
 .comment       0x00000059       0x5a motor_control.o
 .comment       0x00000059       0x5a Device_Startup/startup_sam3xa.o
 .comment       0x00000059       0x5a Device_Startup/system_sam3xa.o
 .comment       0x00000059       0x5a main.o
 .comment       0x00000059       0x5a printf-stdarg.o
 .comment       0x00000059       0x5a pwm_driver.o
 .comment       0x00000059       0x5a time.o
 .comment       0x00000059       0x5a uart.o

.debug_info     0x00000000     0x8c07
 .debug_info    0x00000000      0xf25 adc_driver.o
 .debug_info    0x00000f25      0xdaf can_controller.o
 .debug_info    0x00001cd4     0x156a can_interrupt.o
 .debug_info    0x0000323e     0x14e5 motor_control.o
 .debug_info    0x00004723      0x74e Device_Startup/startup_sam3xa.o
 .debug_info    0x00004e71      0x444 Device_Startup/system_sam3xa.o
 .debug_info    0x000052b5     0x10da main.o
 .debug_info    0x0000638f      0x65f printf-stdarg.o
 .debug_info    0x000069ee      0xb8d pwm_driver.o
 .debug_info    0x0000757b      0xa10 time.o
 .debug_info    0x00007f8b      0xc7c uart.o

.debug_abbrev   0x00000000     0x14f2
 .debug_abbrev  0x00000000      0x1ff adc_driver.o
 .debug_abbrev  0x000001ff      0x21a can_controller.o
 .debug_abbrev  0x00000419      0x2ef can_interrupt.o
 .debug_abbrev  0x00000708      0x2c7 motor_control.o
 .debug_abbrev  0x000009cf      0x153 Device_Startup/startup_sam3xa.o
 .debug_abbrev  0x00000b22      0x102 Device_Startup/system_sam3xa.o
 .debug_abbrev  0x00000c24      0x201 main.o
 .debug_abbrev  0x00000e25      0x1e6 printf-stdarg.o
 .debug_abbrev  0x0000100b      0x108 pwm_driver.o
 .debug_abbrev  0x00001113      0x1bc time.o
 .debug_abbrev  0x000012cf      0x223 uart.o

.debug_loc      0x00000000     0x13b2
 .debug_loc     0x00000000       0x41 adc_driver.o
 .debug_loc     0x00000041      0x2df can_controller.o
 .debug_loc     0x00000320       0xd8 can_interrupt.o
 .debug_loc     0x000003f8      0x2a8 motor_control.o
 .debug_loc     0x000006a0       0x6b Device_Startup/startup_sam3xa.o
 .debug_loc     0x0000070b       0x20 main.o
 .debug_loc     0x0000072b      0xb0a printf-stdarg.o
 .debug_loc     0x00001235       0x4f pwm_driver.o
 .debug_loc     0x00001284       0x40 time.o
 .debug_loc     0x000012c4       0xee uart.o

.debug_aranges  0x00000000      0x228
 .debug_aranges
                0x00000000       0x30 adc_driver.o
 .debug_aranges
                0x00000030       0x38 can_controller.o
 .debug_aranges
                0x00000068       0x20 can_interrupt.o
 .debug_aranges
                0x00000088       0x60 motor_control.o
 .debug_aranges
                0x000000e8       0x28 Device_Startup/startup_sam3xa.o
 .debug_aranges
                0x00000110       0x30 Device_Startup/system_sam3xa.o
 .debug_aranges
                0x00000140       0x20 main.o
 .debug_aranges
                0x00000160       0x48 printf-stdarg.o
 .debug_aranges
                0x000001a8       0x28 pwm_driver.o
 .debug_aranges
                0x000001d0       0x20 time.o
 .debug_aranges
                0x000001f0       0x38 uart.o

.debug_ranges   0x00000000      0x1c0
 .debug_ranges  0x00000000       0x20 adc_driver.o
 .debug_ranges  0x00000020       0x28 can_controller.o
 .debug_ranges  0x00000048       0x28 can_interrupt.o
 .debug_ranges  0x00000070       0x50 motor_control.o
 .debug_ranges  0x000000c0       0x18 Device_Startup/startup_sam3xa.o
 .debug_ranges  0x000000d8       0x20 Device_Startup/system_sam3xa.o
 .debug_ranges  0x000000f8       0x10 main.o
 .debug_ranges  0x00000108       0x68 printf-stdarg.o
 .debug_ranges  0x00000170       0x18 pwm_driver.o
 .debug_ranges  0x00000188       0x10 time.o
 .debug_ranges  0x00000198       0x28 uart.o

.debug_macro    0x00000000    0x1311f
 .debug_macro   0x00000000      0x4a3 adc_driver.o
 .debug_macro   0x000004a3      0x8b0 adc_driver.o
 .debug_macro   0x00000d53       0x22 adc_driver.o
 .debug_macro   0x00000d75       0x87 adc_driver.o
 .debug_macro   0x00000dfc       0x51 adc_driver.o
 .debug_macro   0x00000e4d       0xef adc_driver.o
 .debug_macro   0x00000f3c       0x6a adc_driver.o
 .debug_macro   0x00000fa6      0x1df adc_driver.o
 .debug_macro   0x00001185       0x58 adc_driver.o
 .debug_macro   0x000011dd       0x35 adc_driver.o
 .debug_macro   0x00001212       0x9c adc_driver.o
 .debug_macro   0x000012ae       0x16 adc_driver.o
 .debug_macro   0x000012c4       0x97 adc_driver.o
 .debug_macro   0x0000135b      0x353 adc_driver.o
 .debug_macro   0x000016ae       0xf6 adc_driver.o
 .debug_macro   0x000017a4       0x10 adc_driver.o
 .debug_macro   0x000017b4       0x58 adc_driver.o
 .debug_macro   0x0000180c       0x1f adc_driver.o
 .debug_macro   0x0000182b       0x43 adc_driver.o
 .debug_macro   0x0000186e       0x20 adc_driver.o
 .debug_macro   0x0000188e      0x187 adc_driver.o
 .debug_macro   0x00001a15       0x10 adc_driver.o
 .debug_macro   0x00001a25       0x1c adc_driver.o
 .debug_macro   0x00001a41       0x52 adc_driver.o
 .debug_macro   0x00001a93       0x40 adc_driver.o
 .debug_macro   0x00001ad3       0x10 adc_driver.o
 .debug_macro   0x00001ae3       0x40 adc_driver.o
 .debug_macro   0x00001b23       0xd7 adc_driver.o
 .debug_macro   0x00001bfa       0x16 adc_driver.o
 .debug_macro   0x00001c10      0x18b adc_driver.o
 .debug_macro   0x00001d9b       0x26 adc_driver.o
 .debug_macro   0x00001dc1       0x28 adc_driver.o
 .debug_macro   0x00001de9       0x93 adc_driver.o
 .debug_macro   0x00001e7c      0xe18 adc_driver.o
 .debug_macro   0x00002c94      0xa7d adc_driver.o
 .debug_macro   0x00003711      0x55a adc_driver.o
 .debug_macro   0x00003c6b      0x1a8 adc_driver.o
 .debug_macro   0x00003e13      0x30b adc_driver.o
 .debug_macro   0x0000411e      0x709 adc_driver.o
 .debug_macro   0x00004827       0xd6 adc_driver.o
 .debug_macro   0x000048fd      0x56c adc_driver.o
 .debug_macro   0x00004e69       0x1c adc_driver.o
 .debug_macro   0x00004e85      0x678 adc_driver.o
 .debug_macro   0x000054fd      0x51e adc_driver.o
 .debug_macro   0x00005a1b       0xbe adc_driver.o
 .debug_macro   0x00005ad9     0x2333 adc_driver.o
 .debug_macro   0x00007e0c      0x7d1 adc_driver.o
 .debug_macro   0x000085dd      0xdbb adc_driver.o
 .debug_macro   0x00009398       0x9a adc_driver.o
 .debug_macro   0x00009432      0x29c adc_driver.o
 .debug_macro   0x000096ce       0x58 adc_driver.o
 .debug_macro   0x00009726      0x999 adc_driver.o
 .debug_macro   0x0000a0bf      0x22d adc_driver.o
 .debug_macro   0x0000a2ec      0x4b4 adc_driver.o
 .debug_macro   0x0000a7a0      0x64a adc_driver.o
 .debug_macro   0x0000adea      0x590 adc_driver.o
 .debug_macro   0x0000b37a       0x46 adc_driver.o
 .debug_macro   0x0000b3c0      0x33f adc_driver.o
 .debug_macro   0x0000b6ff      0x27e adc_driver.o
 .debug_macro   0x0000b97d     0x14dc adc_driver.o
 .debug_macro   0x0000ce59      0x7cf adc_driver.o
 .debug_macro   0x0000d628       0x76 adc_driver.o
 .debug_macro   0x0000d69e       0x82 adc_driver.o
 .debug_macro   0x0000d720       0x76 adc_driver.o
 .debug_macro   0x0000d796       0x4c adc_driver.o
 .debug_macro   0x0000d7e2      0x100 adc_driver.o
 .debug_macro   0x0000d8e2      0x100 adc_driver.o
 .debug_macro   0x0000d9e2      0x100 adc_driver.o
 .debug_macro   0x0000dae2       0x88 adc_driver.o
 .debug_macro   0x0000db6a       0x88 adc_driver.o
 .debug_macro   0x0000dbf2      0x3b4 adc_driver.o
 .debug_macro   0x0000dfa6       0xbe adc_driver.o
 .debug_macro   0x0000e064       0xbe adc_driver.o
 .debug_macro   0x0000e122       0xbe adc_driver.o
 .debug_macro   0x0000e1e0       0xbe adc_driver.o
 .debug_macro   0x0000e29e      0x2b8 adc_driver.o
 .debug_macro   0x0000e556      0x118 adc_driver.o
 .debug_macro   0x0000e66e      0x216 adc_driver.o
 .debug_macro   0x0000e884      0x216 adc_driver.o
 .debug_macro   0x0000ea9a       0x2e adc_driver.o
 .debug_macro   0x0000eac8       0xac adc_driver.o
 .debug_macro   0x0000eb74      0x13e adc_driver.o
 .debug_macro   0x0000ecb2       0x7c adc_driver.o
 .debug_macro   0x0000ed2e      0x1f6 adc_driver.o
 .debug_macro   0x0000ef24       0x64 adc_driver.o
 .debug_macro   0x0000ef88       0xa6 adc_driver.o
 .debug_macro   0x0000f02e       0x7c adc_driver.o
 .debug_macro   0x0000f0aa       0x16 adc_driver.o
 .debug_macro   0x0000f0c0       0x22 adc_driver.o
 .debug_macro   0x0000f0e2       0x22 adc_driver.o
 .debug_macro   0x0000f104      0x10c adc_driver.o
 .debug_macro   0x0000f210      0x10c adc_driver.o
 .debug_macro   0x0000f31c      0x10c adc_driver.o
 .debug_macro   0x0000f428      0x10c adc_driver.o
 .debug_macro   0x0000f534       0x1c adc_driver.o
 .debug_macro   0x0000f550       0x2e adc_driver.o
 .debug_macro   0x0000f57e       0x22 adc_driver.o
 .debug_macro   0x0000f5a0       0x1c adc_driver.o
 .debug_macro   0x0000f5bc       0x58 adc_driver.o
 .debug_macro   0x0000f614       0x10 adc_driver.o
 .debug_macro   0x0000f624      0x27a adc_driver.o
 .debug_macro   0x0000f89e      0xd34 adc_driver.o
 .debug_macro   0x000105d2      0x170 adc_driver.o
 .debug_macro   0x00010742      0x365 can_controller.o
 .debug_macro   0x00010aa7      0x526 can_interrupt.o
 .debug_macro   0x00010fcd       0x20 can_interrupt.o
 .debug_macro   0x00010fed       0x16 can_interrupt.o
 .debug_macro   0x00011003      0x10e can_interrupt.o
 .debug_macro   0x00011111       0x86 can_interrupt.o
 .debug_macro   0x00011197       0x16 can_interrupt.o
 .debug_macro   0x000111ad       0x29 can_interrupt.o
 .debug_macro   0x000111d6       0x1c can_interrupt.o
 .debug_macro   0x000111f2       0x35 can_interrupt.o
 .debug_macro   0x00011227       0x16 can_interrupt.o
 .debug_macro   0x0001123d      0x502 motor_control.o
 .debug_macro   0x0001173f      0x351 Device_Startup/startup_sam3xa.o
 .debug_macro   0x00011a90      0x363 Device_Startup/system_sam3xa.o
 .debug_macro   0x00011df3      0x528 main.o
 .debug_macro   0x0001231b       0x52 main.o
 .debug_macro   0x0001236d       0x8d main.o
 .debug_macro   0x000123fa       0x57 main.o
 .debug_macro   0x00012451       0x10 main.o
 .debug_macro   0x00012461       0x22 main.o
 .debug_macro   0x00012483       0x8e printf-stdarg.o
 .debug_macro   0x00012511       0x58 printf-stdarg.o
 .debug_macro   0x00012569      0x35a pwm_driver.o
 .debug_macro   0x000128c3       0x1c pwm_driver.o
 .debug_macro   0x000128df      0x4ec time.o
 .debug_macro   0x00012dcb      0x354 uart.o

.debug_line     0x00000000     0x5340
 .debug_line    0x00000000      0x81a adc_driver.o
 .debug_line    0x0000081a      0x7bd can_controller.o
 .debug_line    0x00000fd7      0x8ed can_interrupt.o
 .debug_line    0x000018c4      0x944 motor_control.o
 .debug_line    0x00002208      0x6fe Device_Startup/startup_sam3xa.o
 .debug_line    0x00002906      0x774 Device_Startup/system_sam3xa.o
 .debug_line    0x0000307a      0x892 main.o
 .debug_line    0x0000390c      0x3bd printf-stdarg.o
 .debug_line    0x00003cc9      0x6f2 pwm_driver.o
 .debug_line    0x000043bb      0x83d time.o
 .debug_line    0x00004bf8      0x748 uart.o

.debug_str      0x00000000    0x547e5
 .debug_str     0x00000000    0x5321c adc_driver.o
                              0x5348a (size before relaxing)
 .debug_str     0x0005321c      0x607 can_controller.o
                              0x4f85d (size before relaxing)
 .debug_str     0x00053823      0x252 can_interrupt.o
                              0x53a59 (size before relaxing)
 .debug_str     0x00053a75      0x168 motor_control.o
                              0x5384e (size before relaxing)
 .debug_str     0x00053bdd      0x506 Device_Startup/startup_sam3xa.o
                              0x4f612 (size before relaxing)
 .debug_str     0x000540e3      0x195 Device_Startup/system_sam3xa.o
                              0x4f3a5 (size before relaxing)
 .debug_str     0x00054278       0xa1 main.o
                              0x5371f (size before relaxing)
 .debug_str     0x00054319      0x1ba printf-stdarg.o
                               0x363b (size before relaxing)
 .debug_str     0x000544d3      0x203 pwm_driver.o
                              0x4f637 (size before relaxing)
 .debug_str     0x000546d6        0xc time.o
                              0x53323 (size before relaxing)
 .debug_str     0x000546e2      0x103 uart.o
                              0x4f7ef (size before relaxing)

.debug_frame    0x00000000      0x730
 .debug_frame   0x00000000       0x40 adc_driver.o
 .debug_frame   0x00000040       0x88 can_controller.o
 .debug_frame   0x000000c8       0x38 can_interrupt.o
 .debug_frame   0x00000100       0xdc motor_control.o
 .debug_frame   0x000001dc       0x38 Device_Startup/startup_sam3xa.o
 .debug_frame   0x00000214       0x40 Device_Startup/system_sam3xa.o
 .debug_frame   0x00000254       0x28 main.o
 .debug_frame   0x0000027c      0x118 printf-stdarg.o
 .debug_frame   0x00000394       0x3c pwm_driver.o
 .debug_frame   0x000003d0       0x20 time.o
 .debug_frame   0x000003f0       0x60 uart.o
 .debug_frame   0x00000450       0xac c:/program files (x86)/atmel/studio/7.0/toolchain/arm/arm-gnu-toolchain/bin/../lib/gcc/arm-none-eabi/6.3.1/thumb/v7-m\libgcc.a(_arm_addsubdf3.o)
 .debug_frame   0x000004fc       0x50 c:/program files (x86)/atmel/studio/7.0/toolchain/arm/arm-gnu-toolchain/bin/../lib/gcc/arm-none-eabi/6.3.1/thumb/v7-m\libgcc.a(_arm_muldivdf3.o)
 .debug_frame   0x0000054c       0x24 c:/program files (x86)/atmel/studio/7.0/toolchain/arm/arm-gnu-toolchain/bin/../lib/gcc/arm-none-eabi/6.3.1/thumb/v7-m\libgcc.a(_arm_fixunsdfsi.o)
 .debug_frame   0x00000570       0x2c c:/program files (x86)/atmel/studio/7.0/toolchain/arm/arm-gnu-toolchain/bin/../lib/gcc/arm-none-eabi/6.3.1/../../../../arm-none-eabi/lib/thumb/v7-m\libc.a(lib_a-init.o)
 .debug_frame   0x0000059c       0x5c c:/program files (x86)/atmel/studio/7.0/toolchain/arm/arm-gnu-toolchain/bin/../lib/gcc/arm-none-eabi/6.3.1/../../../../arm-none-eabi/lib/thumb/v7-m\libc.a(lib_a-__call_atexit.o)
 .debug_frame   0x000005f8       0x20 c:/program files (x86)/atmel/studio/7.0/toolchain/arm/arm-gnu-toolchain/bin/../lib/gcc/arm-none-eabi/6.3.1/../../../../arm-none-eabi/lib/thumb/v7-m\libc.a(lib_a-atexit.o)
 .debug_frame   0x00000618       0x34 c:/program files (x86)/atmel/studio/7.0/toolchain/arm/arm-gnu-toolchain/bin/../lib/gcc/arm-none-eabi/6.3.1/../../../../arm-none-eabi/lib/thumb/v7-m\libc.a(lib_a-fini.o)
 .debug_frame   0x0000064c       0xb0 c:/program files (x86)/atmel/studio/7.0/toolchain/arm/arm-gnu-toolchain/bin/../lib/gcc/arm-none-eabi/6.3.1/../../../../arm-none-eabi/lib/thumb/v7-m\libc.a(lib_a-lock.o)
 .debug_frame   0x000006fc       0x34 c:/program files (x86)/atmel/studio/7.0/toolchain/arm/arm-gnu-toolchain/bin/../lib/gcc/arm-none-eabi/6.3.1/../../../../arm-none-eabi/lib/thumb/v7-m\libc.a(lib_a-__atexit.o)
